GitHub token: HTTP 200
npm warn deprecated rollup-plugin-inject@3.0.2: This package has been deprecated and is no longer maintained. Please use @rollup/plugin-inject.
npm warn deprecated sourcemap-codec@1.4.8: Please use @jridgewell/sourcemap-codec instead

 ⛅️ wrangler 3.114.17 (update available 4.149.0)
------------------------------------------------

[33m▲ [43;33m[[43;30mWARNING[43;33m][0m [1mThe version of Wrangler you are using is now out-of-date.[0m

  Please update to the latest version to prevent critical errors.
  Run `npm install --save-dev wrangler@4` to update to the latest version.
  After installation, run Wrangler with `npx wrangler`.


Total Upload: 1.70 KiB / gzip: 0.93 KiB
Your worker has access to the following bindings:
- Vars:
  - GH_REPO: "(hidden)"
Uploaded vn-stock-scheduler (2.53 sec)
Deployed vn-stock-scheduler triggers (0.40 sec)
  schedule: 35 4 * * 1-5
  schedule: 35 7 * * 1-5
  schedule: 35 8 * * 1-5
  schedule: 0 1 * * 6
Current Version ID: 43ce7aa7-7f81-4ed6-9a21-28acd9334a1c

Cloudflare collects anonymous telemetry about your usage of Wrangler. Learn more at https://github.com/cloudflare/workers-sdk/tree/main/packages/wrangler/telemetry.md

 ⛅️ wrangler 3.114.17 (update available 4.149.0)
------------------------------------------------

[33m▲ [43;33m[[43;30mWARNING[43;33m][0m [1mThe version of Wrangler you are using is now out-of-date.[0m

  Please update to the latest version to prevent critical errors.
  Run `npm install --save-dev wrangler@4` to update to the latest version.
  After installation, run Wrangler with `npx wrangler`.


🌀 Creating the secret for the Worker "vn-stock-scheduler" 
✨ Success! Uploaded secret GH_TOKEN
